src/components/common/CodeBlock.tsx(101,26): error TS2339: Property 'formattedLines' does not exist on type 'string | { formattedLines: string[]; lineNumbers: number[]; } | { formattedLines: string[]; lineNumbers: null; }'.
  Property 'formattedLines' does not exist on type 'string'.
src/components/common/CodeBlock.tsx(101,46): error TS7006: Parameter 'line' implicitly has an 'any' type.
src/components/common/CodeBlock.tsx(101,52): error TS7006: Parameter 'index' implicitly has an 'any' type.
src/components/common/CodeBlock.tsx(104,30): error TS2339: Property 'lineNumbers' does not exist on type 'string | { formattedLines: string[]; lineNumbers: number[]; } | { formattedLines: string[]; lineNumbers: null; }'.
  Property 'lineNumbers' does not exist on type 'string'.
src/components/common/CodeBlock.tsx(106,34): error TS2339: Property 'lineNumbers' does not exist on type 'string | { formattedLines: string[]; lineNumbers: number[]; } | { formattedLines: string[]; lineNumbers: null; }'.
  Property 'lineNumbers' does not exist on type 'string'.
src/components/features/Analysis/BusinessDocumentUpload.tsx(277,13): error TS2322: Type 'string' is not assignable to type 'boolean | undefined'.
src/components/features/Analysis/CriteriaList.tsx(63,27): error TS2345: Argument of type 'string | number' is not assignable to parameter of type 'SetStateAction<number | null>'.
  Type 'string' is not assignable to type 'SetStateAction<number | null>'.
src/components/features/Analysis/CriteriaList.tsx(124,25): error TS2345: Argument of type 'string | number' is not assignable to parameter of type 'SetStateAction<number | null>'.
  Type 'string' is not assignable to type 'SetStateAction<number | null>'.
src/components/features/Analysis/CriteriaList.tsx(203,27): error TS2345: Argument of type 'Set<string | number>' is not assignable to parameter of type 'SetStateAction<Set<number>>'.
  Type 'Set<string | number>' is not assignable to type 'Set<number>'.
    Type 'string | number' is not assignable to type 'number'.
      Type 'string' is not assignable to type 'number'.
src/components/features/Analysis/CriteriaList.tsx(207,27): error TS2345: Argument of type 'string | number' is not assignable to parameter of type 'number'.
  Type 'string' is not assignable to type 'number'.
src/components/features/Analysis/CriteriaList.tsx(213,22): error TS2345: Argument of type '(string | number)[]' is not assignable to parameter of type 'number[]'.
  Type 'string | number' is not assignable to type 'number'.
    Type 'string' is not assignable to type 'number'.
src/components/features/Analysis/CriteriaList.tsx(227,43): error TS2345: Argument of type 'string | number' is not assignable to parameter of type 'number'.
  Type 'string' is not assignable to type 'number'.
src/components/features/Analysis/CriteriaList.tsx(334,53): error TS2345: Argument of type 'string | number' is not assignable to parameter of type 'number'.
  Type 'string' is not assignable to type 'number'.
src/components/features/Analysis/CriteriaList.tsx(336,50): error TS2345: Argument of type 'string | number' is not assignable to parameter of type 'number'.
  Type 'string' is not assignable to type 'number'.
src/components/features/Analysis/CriteriaList.tsx(338,43): error TS2345: Argument of type 'string | number' is not assignable to parameter of type 'number'.
  Type 'string' is not assignable to type 'number'.
src/components/features/Analysis/CriteriaList.tsx(401,56): error TS2345: Argument of type 'string | number' is not assignable to parameter of type 'number'.
  Type 'string' is not assignable to type 'number'.
src/components/features/Analysis/LatestLLMResponse.tsx(31,46): error TS2551: Property 'getLatestLLMResponse' does not exist on type '{ create: (config: AnalysisConfig) => Promise<Analysis>; getById: (id: string) => Promise<Analysis>; getResults: (id: string) => Promise<...>; ... 12 more ...; getLatestCodeEntry: () => Promise<...>; }'. Did you mean 'getLatestResponse'?
src/components/features/CodeUpload/PathList_original.tsx(554,9): error TS2322: Type 'string' is not assignable to type 'boolean | undefined'.
src/components/features/PromptConfig/AutoSaveIndicator.test.tsx(2,35): error TS2307: Cannot find module '../AutoSaveIndicator' or its corresponding type declarations.
src/components/features/PromptConfig/AutoSaveIndicator.test.tsx(7,1): error TS2708: Cannot use namespace 'jest' as a value.
src/components/features/PromptConfig/AutoSaveIndicator.test.tsx(8,24): error TS2708: Cannot use namespace 'jest' as a value.
src/components/features/PromptConfig/AutoSaveIndicator.test.tsx(11,61): error TS2694: Namespace 'global.jest' has no exported member 'MockedFunction'.
src/components/features/PromptConfig/AutoSaveIndicator.test.tsx(13,1): error TS2582: Cannot find name 'describe'. Do you need to install type definitions for a test runner? Try `npm i --save-dev @types/jest` or `npm i --save-dev @types/mocha`.
src/components/features/PromptConfig/AutoSaveIndicator.test.tsx(14,3): error TS2304: Cannot find name 'beforeEach'.
src/components/features/PromptConfig/AutoSaveIndicator.test.tsx(18,3): error TS2304: Cannot find name 'afterEach'.
src/components/features/PromptConfig/AutoSaveIndicator.test.tsx(19,5): error TS2708: Cannot use namespace 'jest' as a value.
src/components/features/PromptConfig/AutoSaveIndicator.test.tsx(22,3): error TS2582: Cannot find name 'it'. Do you need to install type definitions for a test runner? Try `npm i --save-dev @types/jest` or `npm i --save-dev @types/mocha`.
src/components/features/PromptConfig/AutoSaveIndicator.test.tsx(31,5): error TS2304: Cannot find name 'expect'.
src/components/features/PromptConfig/AutoSaveIndicator.test.tsx(32,5): error TS2304: Cannot find name 'expect'.
src/components/features/PromptConfig/AutoSaveIndicator.test.tsx(33,5): error TS2304: Cannot find name 'expect'.
src/components/features/PromptConfig/AutoSaveIndicator.test.tsx(36,3): error TS2582: Cannot find name 'it'. Do you need to install type definitions for a test runner? Try `npm i --save-dev @types/jest` or `npm i --save-dev @types/mocha`.
src/components/features/PromptConfig/AutoSaveIndicator.test.tsx(45,5): error TS2304: Cannot find name 'expect'.
src/components/features/PromptConfig/AutoSaveIndicator.test.tsx(46,5): error TS2304: Cannot find name 'expect'.
src/components/features/PromptConfig/AutoSaveIndicator.test.tsx(47,5): error TS2304: Cannot find name 'expect'.
src/components/features/PromptConfig/AutoSaveIndicator.test.tsx(50,3): error TS2582: Cannot find name 'it'. Do you need to install type definitions for a test runner? Try `npm i --save-dev @types/jest` or `npm i --save-dev @types/mocha`.
src/components/features/PromptConfig/AutoSaveIndicator.test.tsx(62,5): error TS2304: Cannot find name 'expect'.
src/components/features/PromptConfig/AutoSaveIndicator.test.tsx(63,5): error TS2304: Cannot find name 'expect'.
src/components/features/PromptConfig/AutoSaveIndicator.test.tsx(64,5): error TS2304: Cannot find name 'expect'.
src/components/features/PromptConfig/AutoSaveIndicator.test.tsx(65,5): error TS2304: Cannot find name 'expect'.
src/components/features/PromptConfig/AutoSaveIndicator.test.tsx(71,3): error TS2582: Cannot find name 'it'. Do you need to install type definitions for a test runner? Try `npm i --save-dev @types/jest` or `npm i --save-dev @types/mocha`.
src/components/features/PromptConfig/AutoSaveIndicator.test.tsx(80,5): error TS2304: Cannot find name 'expect'.
src/components/features/PromptConfig/AutoSaveIndicator.test.tsx(81,5): error TS2304: Cannot find name 'expect'.
src/components/features/PromptConfig/AutoSaveIndicator.test.tsx(82,5): error TS2304: Cannot find name 'expect'.
src/components/features/PromptConfig/AutoSaveIndicator.test.tsx(85,3): error TS2582: Cannot find name 'it'. Do you need to install type definitions for a test runner? Try `npm i --save-dev @types/jest` or `npm i --save-dev @types/mocha`.
src/components/features/PromptConfig/AutoSaveIndicator.test.tsx(95,5): error TS2304: Cannot find name 'expect'.
src/components/features/PromptConfig/AutoSaveIndicator.test.tsx(96,5): error TS2304: Cannot find name 'expect'.
src/components/features/PromptConfig/AutoSaveIndicator.test.tsx(99,3): error TS2582: Cannot find name 'it'. Do you need to install type definitions for a test runner? Try `npm i --save-dev @types/jest` or `npm i --save-dev @types/mocha`.
src/components/features/PromptConfig/AutoSaveIndicator.test.tsx(109,5): error TS2304: Cannot find name 'expect'.
src/components/features/PromptConfig/AutoSaveIndicator.test.tsx(120,5): error TS2304: Cannot find name 'expect'.
src/components/features/PromptConfig/AutoSaveIndicator.test.tsx(131,5): error TS2304: Cannot find name 'expect'.
src/components/features/PromptConfig/AutoSaveIndicator.test.tsx(134,3): error TS2582: Cannot find name 'it'. Do you need to install type definitions for a test runner? Try `npm i --save-dev @types/jest` or `npm i --save-dev @types/mocha`.
src/components/features/PromptConfig/AutoSaveIndicator.test.tsx(143,5): error TS2304: Cannot find name 'expect'.
src/components/features/PromptConfig/AutoSaveIndicator.test.tsx(153,5): error TS2304: Cannot find name 'expect'.
src/components/features/PromptConfig/AutoSaveIndicator.test.tsx(163,5): error TS2304: Cannot find name 'expect'.
src/components/features/PromptConfig/AutoSaveIndicator.test.tsx(166,3): error TS2582: Cannot find name 'it'. Do you need to install type definitions for a test runner? Try `npm i --save-dev @types/jest` or `npm i --save-dev @types/mocha`.
src/components/features/PromptConfig/AutoSaveIndicator.test.tsx(178,5): error TS2304: Cannot find name 'expect'.
src/components/features/PromptConfig/AutoSaveIndicator.test.tsx(179,5): error TS2304: Cannot find name 'expect'.
src/components/features/PromptConfig/AutoSaveIndicator.test.tsx(185,3): error TS2582: Cannot find name 'it'. Do you need to install type definitions for a test runner? Try `npm i --save-dev @types/jest` or `npm i --save-dev @types/mocha`.
src/components/features/PromptConfig/AutoSaveIndicator.test.tsx(197,5): error TS2304: Cannot find name 'expect'.
src/components/features/PromptConfig/PromptConfig.test.tsx(6,1): error TS2708: Cannot use namespace 'jest' as a value.
src/components/features/PromptConfig/PromptConfig.test.tsx(7,53): error TS2694: Namespace 'global.jest' has no exported member 'MockedFunction'.
src/components/features/PromptConfig/PromptConfig.test.tsx(9,1): error TS2582: Cannot find name 'describe'. Do you need to install type definitions for a test runner? Try `npm i --save-dev @types/jest` or `npm i --save-dev @types/mocha`.
src/components/features/PromptConfig/PromptConfig.test.tsx(51,19): error TS2708: Cannot use namespace 'jest' as a value.
src/components/features/PromptConfig/PromptConfig.test.tsx(52,26): error TS2708: Cannot use namespace 'jest' as a value.
src/components/features/PromptConfig/PromptConfig.test.tsx(53,18): error TS2708: Cannot use namespace 'jest' as a value.
src/components/features/PromptConfig/PromptConfig.test.tsx(54,21): error TS2708: Cannot use namespace 'jest' as a value.
src/components/features/PromptConfig/PromptConfig.test.tsx(55,22): error TS2708: Cannot use namespace 'jest' as a value.
src/components/features/PromptConfig/PromptConfig.test.tsx(56,18): error TS2708: Cannot use namespace 'jest' as a value.
src/components/features/PromptConfig/PromptConfig.test.tsx(57,25): error TS2708: Cannot use namespace 'jest' as a value.
src/components/features/PromptConfig/PromptConfig.test.tsx(60,3): error TS2304: Cannot find name 'beforeEach'.
src/components/features/PromptConfig/PromptConfig.test.tsx(64,3): error TS2304: Cannot find name 'afterEach'.
src/components/features/PromptConfig/PromptConfig.test.tsx(65,5): error TS2708: Cannot use namespace 'jest' as a value.
src/components/features/PromptConfig/PromptConfig.test.tsx(68,3): error TS2582: Cannot find name 'it'. Do you need to install type definitions for a test runner? Try `npm i --save-dev @types/jest` or `npm i --save-dev @types/mocha`.
src/components/features/PromptConfig/PromptConfig.test.tsx(71,5): error TS2304: Cannot find name 'expect'.
src/components/features/PromptConfig/PromptConfig.test.tsx(72,5): error TS2304: Cannot find name 'expect'.
src/components/features/PromptConfig/PromptConfig.test.tsx(75,3): error TS2582: Cannot find name 'it'. Do you need to install type definitions for a test runner? Try `npm i --save-dev @types/jest` or `npm i --save-dev @types/mocha`.
src/components/features/PromptConfig/PromptConfig.test.tsx(78,5): error TS2304: Cannot find name 'expect'.
src/components/features/PromptConfig/PromptConfig.test.tsx(79,5): error TS2304: Cannot find name 'expect'.
src/components/features/PromptConfig/PromptConfig.test.tsx(80,5): error TS2304: Cannot find name 'expect'.
src/components/features/PromptConfig/PromptConfig.test.tsx(83,3): error TS2582: Cannot find name 'it'. Do you need to install type definitions for a test runner? Try `npm i --save-dev @types/jest` or `npm i --save-dev @types/mocha`.
src/components/features/PromptConfig/PromptConfig.test.tsx(87,5): error TS2304: Cannot find name 'expect'.
src/components/features/PromptConfig/PromptConfig.test.tsx(90,3): error TS2582: Cannot find name 'it'. Do you need to install type definitions for a test runner? Try `npm i --save-dev @types/jest` or `npm i --save-dev @types/mocha`.
src/components/features/PromptConfig/PromptConfig.test.tsx(96,5): error TS2304: Cannot find name 'expect'.
src/components/features/PromptConfig/PromptConfig.test.tsx(99,3): error TS2582: Cannot find name 'it'. Do you need to install type definitions for a test runner? Try `npm i --save-dev @types/jest` or `npm i --save-dev @types/mocha`.
src/components/features/PromptConfig/PromptConfig.test.tsx(103,5): error TS2304: Cannot find name 'expect'.
src/components/features/PromptConfig/PromptConfig.test.tsx(106,3): error TS2582: Cannot find name 'it'. Do you need to install type definitions for a test runner? Try `npm i --save-dev @types/jest` or `npm i --save-dev @types/mocha`.
src/components/features/PromptConfig/PromptConfig.test.tsx(112,5): error TS2304: Cannot find name 'expect'.
src/components/features/PromptConfig/PromptConfig.test.tsx(115,3): error TS2582: Cannot find name 'it'. Do you need to install type definitions for a test runner? Try `npm i --save-dev @types/jest` or `npm i --save-dev @types/mocha`.
src/components/features/PromptConfig/PromptConfig.test.tsx(118,5): error TS2304: Cannot find name 'expect'.
src/components/features/PromptConfig/PromptConfig.test.tsx(121,3): error TS2582: Cannot find name 'it'. Do you need to install type definitions for a test runner? Try `npm i --save-dev @types/jest` or `npm i --save-dev @types/mocha`.
src/components/features/PromptConfig/PromptConfig.test.tsx(127,5): error TS2304: Cannot find name 'expect'.
src/components/features/PromptConfig/PromptConfig.test.tsx(130,3): error TS2582: Cannot find name 'it'. Do you need to install type definitions for a test runner? Try `npm i --save-dev @types/jest` or `npm i --save-dev @types/mocha`.
src/components/features/PromptConfig/PromptConfig.test.tsx(133,5): error TS2304: Cannot find name 'expect'.
src/components/features/PromptConfig/PromptConfig.test.tsx(134,5): error TS2304: Cannot find name 'expect'.
src/components/features/PromptConfig/PromptConfig.test.tsx(135,5): error TS2304: Cannot find name 'expect'.
src/components/features/PromptConfig/PromptConfig.test.tsx(136,5): error TS2304: Cannot find name 'expect'.
src/components/features/PromptConfig/PromptConfig.test.tsx(137,5): error TS2304: Cannot find name 'expect'.
src/components/features/PromptConfig/PromptConfig.test.tsx(140,3): error TS2582: Cannot find name 'it'. Do you need to install type definitions for a test runner? Try `npm i --save-dev @types/jest` or `npm i --save-dev @types/mocha`.
src/components/features/PromptConfig/PromptConfig.test.tsx(143,5): error TS2304: Cannot find name 'expect'.
src/components/features/PromptConfig/PromptConfig.test.tsx(146,3): error TS2582: Cannot find name 'it'. Do you need to install type definitions for a test runner? Try `npm i --save-dev @types/jest` or `npm i --save-dev @types/mocha`.
src/components/features/PromptConfig/PromptConfig.test.tsx(149,5): error TS2304: Cannot find name 'expect'.
src/components/features/PromptConfig/PromptConfig.test.tsx(150,5): error TS2304: Cannot find name 'expect'.
src/components/features/PromptConfig/PromptConfig.test.tsx(151,5): error TS2304: Cannot find name 'expect'.
src/components/features/PromptConfig/PromptConfig.test.tsx(154,3): error TS2582: Cannot find name 'it'. Do you need to install type definitions for a test runner? Try `npm i --save-dev @types/jest` or `npm i --save-dev @types/mocha`.
src/components/features/PromptConfig/PromptConfig.test.tsx(160,5): error TS2304: Cannot find name 'expect'.
src/components/features/PromptConfig/PromptConfig.test.tsx(162,5): error TS2304: Cannot find name 'expect'.
src/components/features/PromptConfig/PromptEditor.test.tsx(2,30): error TS2307: Cannot find module '../PromptEditor' or its corresponding type declarations.
src/components/features/PromptConfig/PromptEditor.test.tsx(4,1): error TS2582: Cannot find name 'describe'. Do you need to install type definitions for a test runner? Try `npm i --save-dev @types/jest` or `npm i --save-dev @types/mocha`.
src/components/features/PromptConfig/PromptEditor.test.tsx(5,24): error TS2708: Cannot use namespace 'jest' as a value.
src/components/features/PromptConfig/PromptEditor.test.tsx(7,3): error TS2304: Cannot find name 'beforeEach'.
src/components/features/PromptConfig/PromptEditor.test.tsx(11,3): error TS2582: Cannot find name 'it'. Do you need to install type definitions for a test runner? Try `npm i --save-dev @types/jest` or `npm i --save-dev @types/mocha`.
src/components/features/PromptConfig/PromptEditor.test.tsx(22,5): error TS2304: Cannot find name 'expect'.
src/components/features/PromptConfig/PromptEditor.test.tsx(23,5): error TS2304: Cannot find name 'expect'.
src/components/features/PromptConfig/PromptEditor.test.tsx(26,3): error TS2582: Cannot find name 'it'. Do you need to install type definitions for a test runner? Try `npm i --save-dev @types/jest` or `npm i --save-dev @types/mocha`.
src/components/features/PromptConfig/PromptEditor.test.tsx(38,5): error TS2304: Cannot find name 'expect'.
src/components/features/PromptConfig/PromptEditor.test.tsx(41,3): error TS2582: Cannot find name 'it'. Do you need to install type definitions for a test runner? Try `npm i --save-dev @types/jest` or `npm i --save-dev @types/mocha`.
src/components/features/PromptConfig/PromptEditor.test.tsx(50,5): error TS2304: Cannot find name 'expect'.
src/components/features/PromptConfig/PromptEditor.test.tsx(51,5): error TS2304: Cannot find name 'expect'.
src/components/features/PromptConfig/PromptEditor.test.tsx(52,5): error TS2304: Cannot find name 'expect'.
src/components/features/PromptConfig/PromptEditor.test.tsx(53,5): error TS2304: Cannot find name 'expect'.
src/components/features/PromptConfig/PromptEditor.test.tsx(54,5): error TS2304: Cannot find name 'expect'.
src/components/features/PromptConfig/PromptEditor.test.tsx(55,5): error TS2304: Cannot find name 'expect'.
src/components/features/PromptConfig/PromptEditor.test.tsx(56,5): error TS2304: Cannot find name 'expect'.
src/components/features/PromptConfig/PromptEditor.test.tsx(57,5): error TS2304: Cannot find name 'expect'.
src/components/features/PromptConfig/PromptEditor.test.tsx(60,3): error TS2582: Cannot find name 'it'. Do you need to install type definitions for a test runner? Try `npm i --save-dev @types/jest` or `npm i --save-dev @types/mocha`.
src/components/features/PromptConfig/PromptEditor.test.tsx(73,14): error TS2339: Property 'setSelectionRange' does not exist on type 'HTMLElement'.
src/components/features/PromptConfig/PromptEditor.test.tsx(76,5): error TS2304: Cannot find name 'expect'.
src/components/features/PromptConfig/PromptEditor.test.tsx(79,3): error TS2582: Cannot find name 'it'. Do you need to install type definitions for a test runner? Try `npm i --save-dev @types/jest` or `npm i --save-dev @types/mocha`.
src/components/features/PromptConfig/PromptEditor.test.tsx(91,14): error TS2339: Property 'setSelectionRange' does not exist on type 'HTMLElement'.
src/components/features/PromptConfig/PromptEditor.test.tsx(94,5): error TS2304: Cannot find name 'expect'.
src/components/features/PromptConfig/PromptEditor.test.tsx(97,3): error TS2582: Cannot find name 'it'. Do you need to install type definitions for a test runner? Try `npm i --save-dev @types/jest` or `npm i --save-dev @types/mocha`.
src/components/features/PromptConfig/PromptEditor.test.tsx(109,5): error TS2304: Cannot find name 'expect'.
src/components/features/PromptConfig/PromptEditor.test.tsx(112,3): error TS2582: Cannot find name 'it'. Do you need to install type definitions for a test runner? Try `npm i --save-dev @types/jest` or `npm i --save-dev @types/mocha`.
src/components/features/PromptConfig/PromptEditor.test.tsx(124,5): error TS2304: Cannot find name 'expect'.
src/components/features/PromptConfig/PromptEditor.test.tsx(127,3): error TS2582: Cannot find name 'it'. Do you need to install type definitions for a test runner? Try `npm i --save-dev @types/jest` or `npm i --save-dev @types/mocha`.
src/components/features/PromptConfig/PromptEditor.test.tsx(138,5): error TS2304: Cannot find name 'expect'.
src/components/features/PromptConfig/PromptEditor.test.tsx(141,3): error TS2582: Cannot find name 'it'. Do you need to install type definitions for a test runner? Try `npm i --save-dev @types/jest` or `npm i --save-dev @types/mocha`.
src/components/features/PromptConfig/PromptEditor.test.tsx(150,5): error TS2304: Cannot find name 'expect'.
src/components/features/PromptConfig/PromptEditor.test.tsx(151,5): error TS2304: Cannot find name 'expect'.
src/components/features/PromptConfig/PromptEditor.test.tsx(154,3): error TS2582: Cannot find name 'it'. Do you need to install type definitions for a test runner? Try `npm i --save-dev @types/jest` or `npm i --save-dev @types/mocha`.
src/components/features/PromptConfig/PromptEditor.test.tsx(163,5): error TS2304: Cannot find name 'expect'.
src/components/features/PromptConfig/PromptEditor.test.tsx(166,3): error TS2582: Cannot find name 'it'. Do you need to install type definitions for a test runner? Try `npm i --save-dev @types/jest` or `npm i --save-dev @types/mocha`.
src/components/features/PromptConfig/PromptEditor.test.tsx(175,5): error TS2304: Cannot find name 'expect'.
src/components/features/PromptConfig/PromptEditor.test.tsx(178,3): error TS2582: Cannot find name 'it'. Do you need to install type definitions for a test runner? Try `npm i --save-dev @types/jest` or `npm i --save-dev @types/mocha`.
src/components/features/PromptConfig/PromptEditor.test.tsx(190,14): error TS2339: Property 'setSelectionRange' does not exist on type 'HTMLElement'.
src/components/features/PromptConfig/PromptEditor.test.tsx(198,5): error TS2304: Cannot find name 'expect'.
src/components/features/PromptConfig/PromptEditor.test.tsx(201,3): error TS2582: Cannot find name 'it'. Do you need to install type definitions for a test runner? Try `npm i --save-dev @types/jest` or `npm i --save-dev @types/mocha`.
src/components/features/PromptConfig/PromptEditor.test.tsx(218,5): error TS2304: Cannot find name 'expect'.
src/components/features/PromptConfig/PromptEditor.test.tsx(221,3): error TS2582: Cannot find name 'it'. Do you need to install type definitions for a test runner? Try `npm i --save-dev @types/jest` or `npm i --save-dev @types/mocha`.
src/components/features/PromptConfig/PromptEditor.test.tsx(242,5): error TS2304: Cannot find name 'expect'.
src/components/features/PromptConfig/PromptToolbar.test.tsx(2,31): error TS2307: Cannot find module '../PromptToolbar' or its corresponding type declarations.
src/components/features/PromptConfig/PromptToolbar.test.tsx(4,1): error TS2582: Cannot find name 'describe'. Do you need to install type definitions for a test runner? Try `npm i --save-dev @types/jest` or `npm i --save-dev @types/mocha`.
src/components/features/PromptConfig/PromptToolbar.test.tsx(5,22): error TS2708: Cannot use namespace 'jest' as a value.
src/components/features/PromptConfig/PromptToolbar.test.tsx(6,25): error TS2708: Cannot use namespace 'jest' as a value.
src/components/features/PromptConfig/PromptToolbar.test.tsx(7,33): error TS2708: Cannot use namespace 'jest' as a value.
src/components/features/PromptConfig/PromptToolbar.test.tsx(9,3): error TS2304: Cannot find name 'beforeEach'.
src/components/features/PromptConfig/PromptToolbar.test.tsx(15,3): error TS2582: Cannot find name 'it'. Do you need to install type definitions for a test runner? Try `npm i --save-dev @types/jest` or `npm i --save-dev @types/mocha`.
src/components/features/PromptConfig/PromptToolbar.test.tsx(26,5): error TS2304: Cannot find name 'expect'.
src/components/features/PromptConfig/PromptToolbar.test.tsx(27,5): error TS2304: Cannot find name 'expect'.
src/components/features/PromptConfig/PromptToolbar.test.tsx(28,5): error TS2304: Cannot find name 'expect'.
src/components/features/PromptConfig/PromptToolbar.test.tsx(31,3): error TS2582: Cannot find name 'it'. Do you need to install type definitions for a test runner? Try `npm i --save-dev @types/jest` or `npm i --save-dev @types/mocha`.
src/components/features/PromptConfig/PromptToolbar.test.tsx(45,5): error TS2304: Cannot find name 'expect'.
src/components/features/PromptConfig/PromptToolbar.test.tsx(48,3): error TS2582: Cannot find name 'it'. Do you need to install type definitions for a test runner? Try `npm i --save-dev @types/jest` or `npm i --save-dev @types/mocha`.
src/components/features/PromptConfig/PromptToolbar.test.tsx(62,5): error TS2304: Cannot find name 'expect'.
src/components/features/PromptConfig/PromptToolbar.test.tsx(65,3): error TS2582: Cannot find name 'it'. Do you need to install type definitions for a test runner? Try `npm i --save-dev @types/jest` or `npm i --save-dev @types/mocha`.
src/components/features/PromptConfig/PromptToolbar.test.tsx(79,5): error TS2304: Cannot find name 'expect'.
src/components/features/PromptConfig/PromptToolbar.test.tsx(82,3): error TS2582: Cannot find name 'it'. Do you need to install type definitions for a test runner? Try `npm i --save-dev @types/jest` or `npm i --save-dev @types/mocha`.
src/components/features/PromptConfig/PromptToolbar.test.tsx(94,5): error TS2304: Cannot find name 'expect'.
src/components/features/PromptConfig/PromptToolbar.test.tsx(97,3): error TS2582: Cannot find name 'it'. Do you need to install type definitions for a test runner? Try `npm i --save-dev @types/jest` or `npm i --save-dev @types/mocha`.
src/components/features/PromptConfig/PromptToolbar.test.tsx(109,5): error TS2304: Cannot find name 'expect'.
src/components/features/PromptConfig/PromptToolbar.test.tsx(112,3): error TS2582: Cannot find name 'it'. Do you need to install type definitions for a test runner? Try `npm i --save-dev @types/jest` or `npm i --save-dev @types/mocha`.
src/components/features/PromptConfig/PromptToolbar.test.tsx(127,5): error TS2304: Cannot find name 'expect'.
src/components/features/PromptConfig/PromptToolbar.test.tsx(128,5): error TS2304: Cannot find name 'expect'.
src/components/features/PromptConfig/PromptToolbar.test.tsx(129,5): error TS2304: Cannot find name 'expect'.
src/components/features/PromptConfig/PromptToolbar.test.tsx(132,3): error TS2582: Cannot find name 'it'. Do you need to install type definitions for a test runner? Try `npm i --save-dev @types/jest` or `npm i --save-dev @types/mocha`.
src/components/features/PromptConfig/PromptToolbar.test.tsx(148,5): error TS2304: Cannot find name 'expect'.
src/components/features/PromptConfig/PromptToolbar.test.tsx(149,5): error TS2304: Cannot find name 'expect'.
src/components/features/PromptConfig/PromptToolbar.test.tsx(150,5): error TS2304: Cannot find name 'expect'.
src/components/features/PromptConfig/PromptToolbar.test.tsx(153,3): error TS2582: Cannot find name 'it'. Do you need to install type definitions for a test runner? Try `npm i --save-dev @types/jest` or `npm i --save-dev @types/mocha`.
src/components/features/PromptConfig/PromptToolbar.test.tsx(164,5): error TS2304: Cannot find name 'expect'.
src/components/features/PromptConfig/PromptToolbar.test.tsx(165,5): error TS2304: Cannot find name 'expect'.
src/components/features/PromptConfig/PromptToolbar.test.tsx(168,3): error TS2582: Cannot find name 'it'. Do you need to install type definitions for a test runner? Try `npm i --save-dev @types/jest` or `npm i --save-dev @types/mocha`.
src/components/features/PromptConfig/PromptToolbar.test.tsx(179,5): error TS2304: Cannot find name 'expect'.
src/components/features/PromptConfig/PromptToolbar.test.tsx(180,5): error TS2304: Cannot find name 'expect'.
src/components/features/PromptConfig/PromptToolbar.test.tsx(183,3): error TS2582: Cannot find name 'it'. Do you need to install type definitions for a test runner? Try `npm i --save-dev @types/jest` or `npm i --save-dev @types/mocha`.
src/components/features/PromptConfig/PromptToolbar.test.tsx(195,5): error TS2304: Cannot find name 'expect'.
src/components/features/PromptConfig/PromptToolbar.test.tsx(198,3): error TS2582: Cannot find name 'it'. Do you need to install type definitions for a test runner? Try `npm i --save-dev @types/jest` or `npm i --save-dev @types/mocha`.
src/components/features/PromptConfig/PromptToolbar.test.tsx(210,5): error TS2304: Cannot find name 'expect'.
src/components/features/PromptConfig/PromptToolbar.test.tsx(213,3): error TS2582: Cannot find name 'it'. Do you need to install type definitions for a test runner? Try `npm i --save-dev @types/jest` or `npm i --save-dev @types/mocha`.
src/components/features/PromptConfig/PromptToolbar.test.tsx(225,5): error TS2304: Cannot find name 'expect'.
src/components/features/PromptConfig/PromptToolbar.test.tsx(228,3): error TS2582: Cannot find name 'it'. Do you need to install type definitions for a test runner? Try `npm i --save-dev @types/jest` or `npm i --save-dev @types/mocha`.
src/components/features/PromptConfig/PromptToolbar.test.tsx(240,5): error TS2304: Cannot find name 'expect'.
src/components/features/PromptConfig/PromptToolbar.test.tsx(243,3): error TS2582: Cannot find name 'it'. Do you need to install type definitions for a test runner? Try `npm i --save-dev @types/jest` or `npm i --save-dev @types/mocha`.
src/components/features/PromptConfig/PromptToolbar.test.tsx(255,5): error TS2304: Cannot find name 'expect'.
src/components/features/PromptConfig/PromptToolbar.test.tsx(258,3): error TS2582: Cannot find name 'it'. Do you need to install type definitions for a test runner? Try `npm i --save-dev @types/jest` or `npm i --save-dev @types/mocha`.
src/components/features/PromptConfig/PromptToolbar.test.tsx(270,5): error TS2304: Cannot find name 'expect'.
src/components/features/PromptConfig/PromptToolbar.test.tsx(271,5): error TS2304: Cannot find name 'expect'.
src/components/features/PromptConfig/PromptToolbar.test.tsx(272,5): error TS2304: Cannot find name 'expect'.
src/components/features/PromptConfig/VersionHistory.test.tsx(2,32): error TS2307: Cannot find module '../VersionHistory' or its corresponding type declarations.
src/components/features/PromptConfig/VersionHistory.test.tsx(8,1): error TS2708: Cannot use namespace 'jest' as a value.
src/components/features/PromptConfig/VersionHistory.test.tsx(9,11): error TS2708: Cannot use namespace 'jest' as a value.
src/components/features/PromptConfig/VersionHistory.test.tsx(12,35): error TS2694: Namespace 'global.jest' has no exported member 'MockedFunction'.
src/components/features/PromptConfig/VersionHistory.test.tsx(14,1): error TS2582: Cannot find name 'describe'. Do you need to install type definitions for a test runner? Try `npm i --save-dev @types/jest` or `npm i --save-dev @types/mocha`.
src/components/features/PromptConfig/VersionHistory.test.tsx(15,25): error TS2708: Cannot use namespace 'jest' as a value.
src/components/features/PromptConfig/VersionHistory.test.tsx(42,3): error TS2304: Cannot find name 'beforeEach'.
src/components/features/PromptConfig/VersionHistory.test.tsx(47,3): error TS2304: Cannot find name 'afterEach'.
src/components/features/PromptConfig/VersionHistory.test.tsx(48,5): error TS2708: Cannot use namespace 'jest' as a value.
src/components/features/PromptConfig/VersionHistory.test.tsx(51,3): error TS2582: Cannot find name 'it'. Do you need to install type definitions for a test runner? Try `npm i --save-dev @types/jest` or `npm i --save-dev @types/mocha`.
src/components/features/PromptConfig/VersionHistory.test.tsx(60,5): error TS2304: Cannot find name 'expect'.
src/components/features/PromptConfig/VersionHistory.test.tsx(63,3): error TS2582: Cannot find name 'it'. Do you need to install type definitions for a test runner? Try `npm i --save-dev @types/jest` or `npm i --save-dev @types/mocha`.
src/components/features/PromptConfig/VersionHistory.test.tsx(72,5): error TS2304: Cannot find name 'expect'.
src/components/features/PromptConfig/VersionHistory.test.tsx(73,5): error TS2304: Cannot find name 'expect'.
src/components/features/PromptConfig/VersionHistory.test.tsx(74,5): error TS2304: Cannot find name 'expect'.
src/components/features/PromptConfig/VersionHistory.test.tsx(78,5): error TS2304: Cannot find name 'expect'.
src/components/features/PromptConfig/VersionHistory.test.tsx(79,5): error TS2304: Cannot find name 'expect'.
src/components/features/PromptConfig/VersionHistory.test.tsx(80,5): error TS2304: Cannot find name 'expect'.
src/components/features/PromptConfig/VersionHistory.test.tsx(83,3): error TS2582: Cannot find name 'it'. Do you need to install type definitions for a test runner? Try `npm i --save-dev @types/jest` or `npm i --save-dev @types/mocha`.
src/components/features/PromptConfig/VersionHistory.test.tsx(93,5): error TS2304: Cannot find name 'expect'.
src/components/features/PromptConfig/VersionHistory.test.tsx(94,5): error TS2304: Cannot find name 'expect'.
src/components/features/PromptConfig/VersionHistory.test.tsx(98,5): error TS2304: Cannot find name 'expect'.
src/components/features/PromptConfig/VersionHistory.test.tsx(101,3): error TS2582: Cannot find name 'it'. Do you need to install type definitions for a test runner? Try `npm i --save-dev @types/jest` or `npm i --save-dev @types/mocha`.
src/components/features/PromptConfig/VersionHistory.test.tsx(110,5): error TS2304: Cannot find name 'expect'.
src/components/features/PromptConfig/VersionHistory.test.tsx(111,5): error TS2304: Cannot find name 'expect'.
src/components/features/PromptConfig/VersionHistory.test.tsx(118,3): error TS2582: Cannot find name 'it'. Do you need to install type definitions for a test runner? Try `npm i --save-dev @types/jest` or `npm i --save-dev @types/mocha`.
src/components/features/PromptConfig/VersionHistory.test.tsx(127,5): error TS2304: Cannot find name 'expect'.
src/components/features/PromptConfig/VersionHistory.test.tsx(128,5): error TS2304: Cannot find name 'expect'.
src/components/features/PromptConfig/VersionHistory.test.tsx(129,5): error TS2304: Cannot find name 'expect'.
src/components/features/PromptConfig/VersionHistory.test.tsx(132,3): error TS2582: Cannot find name 'it'. Do you need to install type definitions for a test runner? Try `npm i --save-dev @types/jest` or `npm i --save-dev @types/mocha`.
src/components/features/PromptConfig/VersionHistory.test.tsx(141,5): error TS2304: Cannot find name 'expect'.
src/components/features/PromptConfig/VersionHistory.test.tsx(142,5): error TS2304: Cannot find name 'expect'.
src/components/features/PromptConfig/VersionHistory.test.tsx(143,5): error TS2304: Cannot find name 'expect'.
src/components/features/PromptConfig/VersionHistory.test.tsx(146,3): error TS2582: Cannot find name 'it'. Do you need to install type definitions for a test runner? Try `npm i --save-dev @types/jest` or `npm i --save-dev @types/mocha`.
src/components/features/PromptConfig/VersionHistory.test.tsx(157,5): error TS2304: Cannot find name 'expect'.
src/components/features/PromptConfig/VersionHistory.test.tsx(161,5): error TS2304: Cannot find name 'expect'.
src/components/features/PromptConfig/VersionHistory.test.tsx(164,3): error TS2582: Cannot find name 'it'. Do you need to install type definitions for a test runner? Try `npm i --save-dev @types/jest` or `npm i --save-dev @types/mocha`.
src/components/features/PromptConfig/VersionHistory.test.tsx(175,5): error TS2304: Cannot find name 'expect'.
src/components/features/PromptConfig/VersionHistory.test.tsx(178,3): error TS2582: Cannot find name 'it'. Do you need to install type definitions for a test runner? Try `npm i --save-dev @types/jest` or `npm i --save-dev @types/mocha`.
src/components/features/PromptConfig/VersionHistory.test.tsx(192,5): error TS2304: Cannot find name 'expect'.
src/components/features/PromptConfig/VersionHistory.test.tsx(195,3): error TS2582: Cannot find name 'it'. Do you need to install type definitions for a test runner? Try `npm i --save-dev @types/jest` or `npm i --save-dev @types/mocha`.
src/components/features/PromptConfig/VersionHistory.test.tsx(204,5): error TS2304: Cannot find name 'expect'.
src/components/features/PromptConfig/VersionHistory.test.tsx(205,5): error TS2304: Cannot find name 'expect'.
src/components/features/PromptConfig/VersionHistory.test.tsx(208,3): error TS2582: Cannot find name 'it'. Do you need to install type definitions for a test runner? Try `npm i --save-dev @types/jest` or `npm i --save-dev @types/mocha`.
src/components/features/PromptConfig/VersionHistory.test.tsx(226,5): error TS2304: Cannot find name 'expect'.
src/components/features/PromptConfig/VersionHistory.test.tsx(227,5): error TS2304: Cannot find name 'expect'.
src/components/features/PromptConfig/VersionHistory.test.tsx(228,5): error TS2304: Cannot find name 'expect'.
src/components/features/PromptConfig/VersionHistory.test.tsx(231,3): error TS2582: Cannot find name 'it'. Do you need to install type definitions for a test runner? Try `npm i --save-dev @types/jest` or `npm i --save-dev @types/mocha`.
src/components/features/PromptConfig/VersionHistory.test.tsx(258,5): error TS2304: Cannot find name 'expect'.
src/components/features/PromptConfig/VersionHistory.test.tsx(261,5): error TS2304: Cannot find name 'expect'.
src/components/features/PromptConfig/VersionHistory.test.tsx(264,3): error TS2582: Cannot find name 'it'. Do you need to install type definitions for a test runner? Try `npm i --save-dev @types/jest` or `npm i --save-dev @types/mocha`.
src/components/features/PromptConfig/VersionHistory.test.tsx(276,5): error TS2304: Cannot find name 'expect'.
src/components/features/PromptConfig/VersionHistory.test.tsx(277,5): error TS2304: Cannot find name 'expect'.
src/components/features/PromptConfig/VersionHistory.test.tsx(280,3): error TS2582: Cannot find name 'it'. Do you need to install type definitions for a test runner? Try `npm i --save-dev @types/jest` or `npm i --save-dev @types/mocha`.
src/components/features/PromptConfig/VersionHistory.test.tsx(292,5): error TS2304: Cannot find name 'expect'.
src/stores/promptStore.test.ts(6,1): error TS2708: Cannot use namespace 'jest' as a value.
src/stores/promptStore.test.ts(7,51): error TS2694: Namespace 'global.jest' has no exported member 'Mocked'.
src/stores/promptStore.test.ts(10,1): error TS2708: Cannot use namespace 'jest' as a value.
src/stores/promptStore.test.ts(12,1): error TS2582: Cannot find name 'describe'. Do you need to install type definitions for a test runner? Try `npm i --save-dev @types/jest` or `npm i --save-dev @types/mocha`.
src/stores/promptStore.test.ts(15,3): error TS2304: Cannot find name 'beforeEach'.
src/stores/promptStore.test.ts(18,5): error TS2708: Cannot use namespace 'jest' as a value.
src/stores/promptStore.test.ts(21,3): error TS2304: Cannot find name 'afterEach'.
src/stores/promptStore.test.ts(22,5): error TS2708: Cannot use namespace 'jest' as a value.
src/stores/promptStore.test.ts(25,3): error TS2582: Cannot find name 'describe'. Do you need to install type definitions for a test runner? Try `npm i --save-dev @types/jest` or `npm i --save-dev @types/mocha`.
src/stores/promptStore.test.ts(26,5): error TS2582: Cannot find name 'it'. Do you need to install type definitions for a test runner? Try `npm i --save-dev @types/jest` or `npm i --save-dev @types/mocha`.
src/stores/promptStore.test.ts(29,7): error TS2304: Cannot find name 'expect'.
src/stores/promptStore.test.ts(30,7): error TS2304: Cannot find name 'expect'.
src/stores/promptStore.test.ts(31,7): error TS2304: Cannot find name 'expect'.
src/stores/promptStore.test.ts(32,7): error TS2304: Cannot find name 'expect'.
src/stores/promptStore.test.ts(34,7): error TS2304: Cannot find name 'expect'.
src/stores/promptStore.test.ts(35,7): error TS2304: Cannot find name 'expect'.
src/stores/promptStore.test.ts(37,7): error TS2304: Cannot find name 'expect'.
src/stores/promptStore.test.ts(38,7): error TS2304: Cannot find name 'expect'.
src/stores/promptStore.test.ts(39,7): error TS2304: Cannot find name 'expect'.
src/stores/promptStore.test.ts(40,7): error TS2304: Cannot find name 'expect'.
src/stores/promptStore.test.ts(41,7): error TS2304: Cannot find name 'expect'.
src/stores/promptStore.test.ts(42,7): error TS2304: Cannot find name 'expect'.
src/stores/promptStore.test.ts(46,3): error TS2582: Cannot find name 'describe'. Do you need to install type definitions for a test runner? Try `npm i --save-dev @types/jest` or `npm i --save-dev @types/mocha`.
src/stores/promptStore.test.ts(47,5): error TS2582: Cannot find name 'it'. Do you need to install type definitions for a test runner? Try `npm i --save-dev @types/jest` or `npm i --save-dev @types/mocha`.
src/stores/promptStore.test.ts(55,7): error TS2304: Cannot find name 'expect'.
src/stores/promptStore.test.ts(56,7): error TS2304: Cannot find name 'expect'.
src/stores/promptStore.test.ts(57,7): error TS2304: Cannot find name 'expect'.
src/stores/promptStore.test.ts(60,5): error TS2582: Cannot find name 'it'. Do you need to install type definitions for a test runner? Try `npm i --save-dev @types/jest` or `npm i --save-dev @types/mocha`.
src/stores/promptStore.test.ts(68,7): error TS2304: Cannot find name 'expect'.
src/stores/promptStore.test.ts(72,3): error TS2582: Cannot find name 'describe'. Do you need to install type definitions for a test runner? Try `npm i --save-dev @types/jest` or `npm i --save-dev @types/mocha`.
src/stores/promptStore.test.ts(73,5): error TS2582: Cannot find name 'it'. Do you need to install type definitions for a test runner? Try `npm i --save-dev @types/jest` or `npm i --save-dev @types/mocha`.
src/stores/promptStore.test.ts(90,7): error TS2304: Cannot find name 'expect'.
src/stores/promptStore.test.ts(93,5): error TS2582: Cannot find name 'it'. Do you need to install type definitions for a test runner? Try `npm i --save-dev @types/jest` or `npm i --save-dev @types/mocha`.
src/stores/promptStore.test.ts(95,30): error TS2708: Cannot use namespace 'jest' as a value.
src/stores/promptStore.test.ts(102,9): error TS2708: Cannot use namespace 'jest' as a value.
src/stores/promptStore.test.ts(105,7): error TS2304: Cannot find name 'expect'.
src/stores/promptStore.test.ts(110,3): error TS2582: Cannot find name 'describe'. Do you need to install type definitions for a test runner? Try `npm i --save-dev @types/jest` or `npm i --save-dev @types/mocha`.
src/stores/promptStore.test.ts(111,5): error TS2582: Cannot find name 'it'. Do you need to install type definitions for a test runner? Try `npm i --save-dev @types/jest` or `npm i --save-dev @types/mocha`.
src/stores/promptStore.test.ts(130,7): error TS2304: Cannot find name 'expect'.
src/stores/promptStore.test.ts(131,7): error TS2304: Cannot find name 'expect'.
src/stores/promptStore.test.ts(132,7): error TS2304: Cannot find name 'expect'.
src/stores/promptStore.test.ts(133,7): error TS2304: Cannot find name 'expect'.
src/stores/promptStore.test.ts(134,7): error TS2304: Cannot find name 'expect'.
src/stores/promptStore.test.ts(137,5): error TS2582: Cannot find name 'it'. Do you need to install type definitions for a test runner? Try `npm i --save-dev @types/jest` or `npm i --save-dev @types/mocha`.
src/stores/promptStore.test.ts(149,7): error TS2304: Cannot find name 'expect'.
src/stores/promptStore.test.ts(152,5): error TS2582: Cannot find name 'it'. Do you need to install type definitions for a test runner? Try `npm i --save-dev @types/jest` or `npm i --save-dev @types/mocha`.
src/stores/promptStore.test.ts(168,7): error TS2304: Cannot find name 'expect'.
src/stores/promptStore.test.ts(169,7): error TS2304: Cannot find name 'expect'.
src/stores/promptStore.test.ts(170,7): error TS2304: Cannot find name 'expect'.
src/stores/promptStore.test.ts(174,3): error TS2582: Cannot find name 'describe'. Do you need to install type definitions for a test runner? Try `npm i --save-dev @types/jest` or `npm i --save-dev @types/mocha`.
src/stores/promptStore.test.ts(175,5): error TS2582: Cannot find name 'it'. Do you need to install type definitions for a test runner? Try `npm i --save-dev @types/jest` or `npm i --save-dev @types/mocha`.
src/stores/promptStore.test.ts(194,7): error TS2304: Cannot find name 'expect'.
src/stores/promptStore.test.ts(195,7): error TS2304: Cannot find name 'expect'.
src/stores/promptStore.test.ts(196,7): error TS2304: Cannot find name 'expect'.
src/stores/promptStore.test.ts(199,5): error TS2582: Cannot find name 'it'. Do you need to install type definitions for a test runner? Try `npm i --save-dev @types/jest` or `npm i --save-dev @types/mocha`.
src/stores/promptStore.test.ts(210,7): error TS2304: Cannot find name 'expect'.
src/stores/promptStore.test.ts(214,3): error TS2582: Cannot find name 'describe'. Do you need to install type definitions for a test runner? Try `npm i --save-dev @types/jest` or `npm i --save-dev @types/mocha`.
src/stores/promptStore.test.ts(215,5): error TS2582: Cannot find name 'it'. Do you need to install type definitions for a test runner? Try `npm i --save-dev @types/jest` or `npm i --save-dev @types/mocha`.
src/stores/promptStore.test.ts(240,7): error TS2304: Cannot find name 'expect'.
src/stores/promptStore.test.ts(241,7): error TS2304: Cannot find name 'expect'.
src/stores/promptStore.test.ts(242,7): error TS2304: Cannot find name 'expect'.
src/stores/promptStore.test.ts(243,7): error TS2304: Cannot find name 'expect'.
src/stores/promptStore.test.ts(244,7): error TS2304: Cannot find name 'expect'.
src/stores/promptStore.test.ts(245,7): error TS2304: Cannot find name 'expect'.
src/stores/promptStore.test.ts(248,5): error TS2582: Cannot find name 'it'. Do you need to install type definitions for a test runner? Try `npm i --save-dev @types/jest` or `npm i --save-dev @types/mocha`.
src/stores/promptStore.test.ts(259,7): error TS2304: Cannot find name 'expect'.
src/stores/promptStore.test.ts(263,3): error TS2582: Cannot find name 'describe'. Do you need to install type definitions for a test runner? Try `npm i --save-dev @types/jest` or `npm i --save-dev @types/mocha`.
src/stores/promptStore.test.ts(264,5): error TS2582: Cannot find name 'it'. Do you need to install type definitions for a test runner? Try `npm i --save-dev @types/jest` or `npm i --save-dev @types/mocha`.
src/stores/promptStore.test.ts(283,7): error TS2304: Cannot find name 'expect'.
src/stores/promptStore.test.ts(284,7): error TS2304: Cannot find name 'expect'.
src/stores/promptStore.test.ts(285,7): error TS2304: Cannot find name 'expect'.
src/stores/promptStore.test.ts(288,5): error TS2582: Cannot find name 'it'. Do you need to install type definitions for a test runner? Try `npm i --save-dev @types/jest` or `npm i --save-dev @types/mocha`.
src/stores/promptStore.test.ts(299,7): error TS2304: Cannot find name 'expect'.
src/stores/promptStore.test.ts(303,3): error TS2582: Cannot find name 'describe'. Do you need to install type definitions for a test runner? Try `npm i --save-dev @types/jest` or `npm i --save-dev @types/mocha`.
src/stores/promptStore.test.ts(304,5): error TS2582: Cannot find name 'it'. Do you need to install type definitions for a test runner? Try `npm i --save-dev @types/jest` or `npm i --save-dev @types/mocha`.
src/stores/promptStore.test.ts(318,7): error TS2304: Cannot find name 'expect'.
src/stores/promptStore.test.ts(322,3): error TS2582: Cannot find name 'describe'. Do you need to install type definitions for a test runner? Try `npm i --save-dev @types/jest` or `npm i --save-dev @types/mocha`.
src/stores/promptStore.test.ts(323,5): error TS2582: Cannot find name 'it'. Do you need to install type definitions for a test runner? Try `npm i --save-dev @types/jest` or `npm i --save-dev @types/mocha`.
src/stores/promptStore.test.ts(331,7): error TS2304: Cannot find name 'expect'.
src/stores/promptStore.test.ts(337,7): error TS2304: Cannot find name 'expect'.
src/stores/promptStore.test.ts(341,3): error TS2582: Cannot find name 'describe'. Do you need to install type definitions for a test runner? Try `npm i --save-dev @types/jest` or `npm i --save-dev @types/mocha`.
src/stores/promptStore.test.ts(342,5): error TS2582: Cannot find name 'it'. Do you need to install type definitions for a test runner? Try `npm i --save-dev @types/jest` or `npm i --save-dev @types/mocha`.
src/stores/promptStore.test.ts(362,7): error TS2304: Cannot find name 'expect'.
src/stores/promptStore.test.ts(363,7): error TS2304: Cannot find name 'expect'.
src/stores/promptStore.test.ts(364,7): error TS2304: Cannot find name 'expect'.
src/stores/promptStore.test.ts(365,7): error TS2304: Cannot find name 'expect'.
src/stores/promptStore.test.ts(366,7): error TS2304: Cannot find name 'expect'.
src/stores/promptStore.test.ts(370,3): error TS2582: Cannot find name 'describe'. Do you need to install type definitions for a test runner? Try `npm i --save-dev @types/jest` or `npm i --save-dev @types/mocha`.
src/stores/promptStore.test.ts(371,5): error TS2582: Cannot find name 'it'. Do you need to install type definitions for a test runner? Try `npm i --save-dev @types/jest` or `npm i --save-dev @types/mocha`.
src/stores/promptStore.test.ts(373,30): error TS2708: Cannot use namespace 'jest' as a value.
src/stores/promptStore.test.ts(379,7): error TS2304: Cannot find name 'expect'.
src/stores/promptStore.test.ts(383,5): error TS2582: Cannot find name 'it'. Do you need to install type definitions for a test runner? Try `npm i --save-dev @types/jest` or `npm i --save-dev @types/mocha`.
src/stores/promptStore.test.ts(385,30): error TS2708: Cannot use namespace 'jest' as a value.
src/stores/promptStore.test.ts(393,9): error TS2708: Cannot use namespace 'jest' as a value.
src/stores/promptStore.test.ts(396,7): error TS2304: Cannot find name 'expect'.
src/stores/promptStore.test.ts(400,5): error TS2582: Cannot find name 'it'. Do you need to install type definitions for a test runner? Try `npm i --save-dev @types/jest` or `npm i --save-dev @types/mocha`.
src/stores/promptStore.test.ts(402,30): error TS2708: Cannot use namespace 'jest' as a value.
src/stores/promptStore.test.ts(410,9): error TS2708: Cannot use namespace 'jest' as a value.
src/stores/promptStore.test.ts(420,9): error TS2708: Cannot use namespace 'jest' as a value.
src/stores/promptStore.test.ts(423,7): error TS2304: Cannot find name 'expect'.
src/stores/promptStore.test.ts(427,9): error TS2708: Cannot use namespace 'jest' as a value.
src/stores/promptStore.test.ts(430,7): error TS2304: Cannot find name 'expect'.
